nohup: ignoring input
[28/Aug/2026 01:25:05] "POST /api/bookings/create/ HTTP/1.1" 400 55
[28/Aug/2026 01:25:22] "GET /api/wizard/departments/ HTTP/1.1" 200 906
[28/Aug/2026 01:25:22] "GET /api/wizard/services/ HTTP/1.1" 200 2137
[28/Aug/2026 01:25:44] "POST /api/bookings/create/ HTTP/1.1" 201 347
[28/Aug/2026 01:26:02] "GET /api/wizard/departments/ HTTP/1.1" 200 906
[28/Aug/2026 01:26:02] "GET /api/wizard/services/ HTTP/1.1" 200 2137
[28/Aug/2026 01:26:05] "GET /api/testimonials-public/ HTTP/1.1" 200 2349
[28/Aug/2026 01:26:05] "GET /api/wizard/departments/ HTTP/1.1" 200 906
[28/Aug/2026 01:26:05] "GET /api/wizard/branches/ HTTP/1.1" 200 1415
[28/Aug/2026 01:26:05] "GET /api/wizard/services/ HTTP/1.1" 200 2137
[28/Aug/2026 01:26:13] "OPTIONS /api/token/ HTTP/1.1" 200 0
[28/Aug/2026 01:26:13] "POST /api/token/ HTTP/1.1" 200 709
[28/Aug/2026 01:26:14] "OPTIONS /api/wizard/departments/ HTTP/1.1" 200 0
[28/Aug/2026 01:26:14] "OPTIONS /api/wizard/branches/ HTTP/1.1" 200 0
[28/Aug/2026 01:26:14] "OPTIONS /api/testimonials-public/ HTTP/1.1" 200 0
[28/Aug/2026 01:26:14] "OPTIONS /api/wizard/services/ HTTP/1.1" 200 0
[28/Aug/2026 01:26:14] "GET /api/testimonials-public/ HTTP/1.1" 200 2349
[28/Aug/2026 01:26:14] "GET /api/wizard/departments/ HTTP/1.1" 200 906
[28/Aug/2026 01:26:14] "GET /api/wizard/services/ HTTP/1.1" 200 2137
[28/Aug/2026 01:26:14] "GET /api/wizard/branches/ HTTP/1.1" 200 1415
[28/Aug/2026 01:26:15] "GET /api/wizard/departments/ HTTP/1.1" 200 906
[28/Aug/2026 01:26:15] "GET /api/wizard/services/ HTTP/1.1" 200 2137
[28/Aug/2026 01:26:18] "OPTIONS /api/auth/login/ HTTP/1.1" 200 0
[28/Aug/2026 01:26:18] "POST /api/auth/login/ HTTP/1.1" 200 851
[28/Aug/2026 01:26:18] "OPTIONS /api/schema/ HTTP/1.1" 200 0
[28/Aug/2026 01:26:18] "GET /api/schema/ HTTP/1.1" 200 1839
[28/Aug/2026 01:26:18] "OPTIONS /api/schema/ HTTP/1.1" 200 0
[28/Aug/2026 01:26:18] "GET /api/wizard/departments/ HTTP/1.1" 200 906
[28/Aug/2026 01:26:18] "GET /api/wizard/services/ HTTP/1.1" 200 2137
[28/Aug/2026 01:26:18] "GET /api/schema/ HTTP/1.1" 200 1839
[28/Aug/2026 01:26:18] "OPTIONS /api/admin/stats/ HTTP/1.1" 200 0
[28/Aug/2026 01:26:18] "OPTIONS /api/admin/stats/ HTTP/1.1" 200 0
[28/Aug/2026 01:26:18] "GET /api/wizard/departments/ HTTP/1.1" 200 906
[28/Aug/2026 01:26:18] "GET /api/wizard/services/ HTTP/1.1" 200 2137
[28/Aug/2026 01:26:18] "GET /api/admin/stats/ HTTP/1.1" 200 596
[28/Aug/2026 01:26:18] "GET /api/admin/stats/ HTTP/1.1" 200 596
[28/Aug/2026 01:26:19] "OPTIONS /api/bookings/?page_size=50 HTTP/1.1" 200 0
[28/Aug/2026 01:26:19] "GET /api/bookings/?page_size=50 HTTP/1.1" 302 0
[28/Aug/2026 01:26:19] "OPTIONS /api/admin/bookings/ HTTP/1.1" 200 0
[28/Aug/2026 01:26:19] "GET /api/admin/bookings/ HTTP/1.1" 200 709
[28/Aug/2026 01:26:22] "OPTIONS /api/schema/client.booking/ HTTP/1.1" 200 0
[28/Aug/2026 01:26:22] "GET /api/wizard/departments/ HTTP/1.1" 200 906
[28/Aug/2026 01:26:22] "GET /api/wizard/services/ HTTP/1.1" 200 2137
[28/Aug/2026 01:26:22] "GET /api/schema/client.booking/ HTTP/1.1" 200 7996
[28/Aug/2026 01:26:22] "OPTIONS /api/admin/bookings/?page=1&page_size=25 HTTP/1.1" 200 0
[28/Aug/2026 01:26:23] "GET /api/admin/bookings/?page=1&page_size=25 HTTP/1.1" 200 709
[28/Aug/2026 01:26:27] "OPTIONS /api/admin/bookings/59413ea0-d6ee-4e44-aaa2-a25bd79f1ed6/ HTTP/1.1" 200 0
[28/Aug/2026 01:26:27] "DELETE /api/admin/bookings/59413ea0-d6ee-4e44-aaa2-a25bd79f1ed6/ HTTP/1.1" 204 0
[28/Aug/2026 01:26:27] "OPTIONS /api/admin/bookings/?page=1&page_size=25 HTTP/1.1" 200 0
[28/Aug/2026 01:26:27] "GET /api/admin/bookings/?page=1&page_size=25 HTTP/1.1" 200 403
[28/Aug/2026 01:26:29] "OPTIONS /api/admin/bookings/035c1a3b-73dd-4466-b084-00274d49fd12/ HTTP/1.1" 200 0
[28/Aug/2026 01:26:29] "DELETE /api/admin/bookings/035c1a3b-73dd-4466-b084-00274d49fd12/ HTTP/1.1" 204 0
[28/Aug/2026 01:26:29] "OPTIONS /api/admin/bookings/?page=1&page_size=25 HTTP/1.1" 200 0
[28/Aug/2026 01:26:29] "GET /api/admin/bookings/?page=1&page_size=25 HTTP/1.1" 200 85
[28/Aug/2026 01:26:31] "OPTIONS /api/schema/client.patient/ HTTP/1.1" 200 0
[28/Aug/2026 01:26:32] "GET /api/wizard/departments/ HTTP/1.1" 200 906
[28/Aug/2026 01:26:32] "GET /api/wizard/services/ HTTP/1.1" 200 2137
[28/Aug/2026 01:26:32] "GET /api/schema/client.patient/ HTTP/1.1" 200 2318
[28/Aug/2026 01:26:32] "OPTIONS /api/patients/?page=1&page_size=25 HTTP/1.1" 200 0
[28/Aug/2026 01:26:32] "GET /api/patients/?page=1&page_size=25 HTTP/1.1" 200 923
[28/Aug/2026 01:27:14] "OPTIONS /api/patients/34/ HTTP/1.1" 200 0
ADMIN_ERROR | model=PatientViewSet | pk=34 | status=400 | detail={'date_of_birth': [ErrorDetail(string='Date has wrong format. Use one of these formats instead: YYYY-MM-DD.', code='invalid')]}
[28/Aug/2026 01:27:14] "PATCH /api/patients/34/ HTTP/1.1" 400 90
[28/Aug/2026 01:27:21] "OPTIONS /api/patients/34/ HTTP/1.1" 200 0
[28/Aug/2026 01:27:21] "PATCH /api/patients/34/ HTTP/1.1" 200 193
[28/Aug/2026 01:27:21] "OPTIONS /api/patients/?page=1&page_size=25 HTTP/1.1" 200 0
[28/Aug/2026 01:27:21] "GET /api/patients/?page=1&page_size=25 HTTP/1.1" 200 933
[28/Aug/2026 01:27:27] "OPTIONS /api/patients/8/ HTTP/1.1" 200 0
[28/Aug/2026 01:27:27] "DELETE /api/patients/8/ HTTP/1.1" 204 0
[28/Aug/2026 01:27:27] "OPTIONS /api/patients/?page=1&page_size=25 HTTP/1.1" 200 0
[28/Aug/2026 01:27:27] "GET /api/patients/?page=1&page_size=25 HTTP/1.1" 200 789
[28/Aug/2026 01:27:37] "OPTIONS /api/files/ HTTP/1.1" 200 0
[28/Aug/2026 01:27:38] "POST /api/files/ HTTP/1.1" 201 296
[28/Aug/2026 01:27:39] "OPTIONS /api/patients/34/ HTTP/1.1" 200 0
[28/Aug/2026 01:27:39] "PATCH /api/patients/34/ HTTP/1.1" 200 290
[28/Aug/2026 01:27:39] "OPTIONS /api/patients/?page=1&page_size=25 HTTP/1.1" 200 0
[28/Aug/2026 01:27:39] "GET /api/patients/?page=1&page_size=25 HTTP/1.1" 200 886
[28/Aug/2026 01:27:53] "GET /api/wizard/departments/ HTTP/1.1" 200 906
[28/Aug/2026 01:27:53] "GET /api/wizard/services/ HTTP/1.1" 200 2137
[28/Aug/2026 01:27:53] "OPTIONS /api/schema/client.customuser/ HTTP/1.1" 200 0
[28/Aug/2026 01:27:53] "GET /api/schema/client.customuser/ HTTP/1.1" 200 3474
[28/Aug/2026 01:27:53] "OPTIONS /api/admin-users/?page=1&page_size=25 HTTP/1.1" 200 0
[28/Aug/2026 01:27:53] "GET /api/admin-users/?page=1&page_size=25 HTTP/1.1" 200 3063
[28/Aug/2026 01:28:06] "OPTIONS /api/admin-users/23/ HTTP/1.1" 200 0
[28/Aug/2026 01:28:07] "PATCH /api/admin-users/23/ HTTP/1.1" 200 396
[28/Aug/2026 01:28:07] "OPTIONS /api/admin-users/?page=1&page_size=25 HTTP/1.1" 200 0
[28/Aug/2026 01:28:07] "GET /api/admin-users/?page=1&page_size=25 HTTP/1.1" 200 3062
[28/Aug/2026 01:28:12] "OPTIONS /api/admin-users/23/ HTTP/1.1" 200 0
[28/Aug/2026 01:28:12] "PATCH /api/admin-users/23/ HTTP/1.1" 200 397
[28/Aug/2026 01:28:12] "OPTIONS /api/admin-users/?page=1&page_size=25 HTTP/1.1" 200 0
[28/Aug/2026 01:28:12] "GET /api/admin-users/?page=1&page_size=25 HTTP/1.1" 200 3063
